
Discarded input sections

 .data          0x0000000000000000       0x14 build/helloworld/helloworld.o
 .bss           0x0000000000000000        0x8 build/helloworld/helloworld.o
 .note.GNU-stack
                0x0000000000000000        0x0 build/helloworld/helloworld.o

Memory Configuration

Name             Origin             Length             Attributes
*default*        0x0000000000000000 0xffffffffffffffff

Linker script and memory map

Address of section .text-segment set to 0x400000
Address of section .rodata set to 0x500000
Address of section .data set to 0x600000
Address of section .bss set to 0x700000
LOAD build/helloworld/helloworld.o
START GROUP
END GROUP
                [!provide]                        PROVIDE (__executable_start = SEGMENT_START ("text-segment", 0x400000))
                0x00000000004000e8                . = (SEGMENT_START ("text-segment", 0x400000) + SIZEOF_HEADERS)

.interp
 *(SORT_BY_ALIGNMENT(.interp))

.note.gnu.build-id
 *(SORT_BY_ALIGNMENT(.note.gnu.build-id))

.hash
 *(SORT_BY_ALIGNMENT(.hash))

.gnu.hash
 *(SORT_BY_ALIGNMENT(.gnu.hash))

.dynsym
 *(SORT_BY_ALIGNMENT(.dynsym))

.dynstr
 *(SORT_BY_ALIGNMENT(.dynstr))

.gnu.version
 *(SORT_BY_ALIGNMENT(.gnu.version))

.gnu.version_d
 *(SORT_BY_ALIGNMENT(.gnu.version_d))

.gnu.version_r
 *(SORT_BY_ALIGNMENT(.gnu.version_r))

.rela.dyn       0x00000000004000e8        0x0
 *(SORT_BY_ALIGNMENT(.rela.init))
 *(SORT_BY_ALIGNMENT(.rela.text) SORT_BY_ALIGNMENT(.rela.text.*) SORT_BY_ALIGNMENT(.rela.gnu.linkonce.t.*))
 *(SORT_BY_ALIGNMENT(.rela.fini))
 *(SORT_BY_ALIGNMENT(.rela.rodata) SORT_BY_ALIGNMENT(.rela.rodata.*) SORT_BY_ALIGNMENT(.rela.gnu.linkonce.r.*))
 *(SORT_BY_ALIGNMENT(.rela.data) SORT_BY_ALIGNMENT(.rela.data.*) SORT_BY_ALIGNMENT(.rela.gnu.linkonce.d.*))
 *(SORT_BY_ALIGNMENT(.rela.tdata) SORT_BY_ALIGNMENT(.rela.tdata.*) SORT_BY_ALIGNMENT(.rela.gnu.linkonce.td.*))
 *(SORT_BY_ALIGNMENT(.rela.tbss) SORT_BY_ALIGNMENT(.rela.tbss.*) SORT_BY_ALIGNMENT(.rela.gnu.linkonce.tb.*))
 *(SORT_BY_ALIGNMENT(.rela.ctors))
 *(SORT_BY_ALIGNMENT(.rela.dtors))
 *(SORT_BY_ALIGNMENT(.rela.got))
 .rela.got      0x00000000004000e8        0x0 build/helloworld/helloworld.o
 *(SORT_BY_ALIGNMENT(.rela.bss) SORT_BY_ALIGNMENT(.rela.bss.*) SORT_BY_ALIGNMENT(.rela.gnu.linkonce.b.*))
 *(SORT_BY_ALIGNMENT(.rela.ldata) SORT_BY_ALIGNMENT(.rela.ldata.*) SORT_BY_ALIGNMENT(.rela.gnu.linkonce.l.*))
 *(SORT_BY_ALIGNMENT(.rela.lbss) SORT_BY_ALIGNMENT(.rela.lbss.*) SORT_BY_ALIGNMENT(.rela.gnu.linkonce.lb.*))
 *(SORT_BY_ALIGNMENT(.rela.lrodata) SORT_BY_ALIGNMENT(.rela.lrodata.*) SORT_BY_ALIGNMENT(.rela.gnu.linkonce.lr.*))
 *(SORT_BY_ALIGNMENT(.rela.ifunc))

.rela.plt       0x00000000004000e8        0x0
 *(SORT_BY_ALIGNMENT(.rela.plt))
                [!provide]                        PROVIDE (__rela_iplt_start = .)
 *(SORT_BY_ALIGNMENT(.rela.iplt))
 .rela.iplt     0x00000000004000e8        0x0 build/helloworld/helloworld.o
                [!provide]                        PROVIDE (__rela_iplt_end = .)

.relr.dyn
 *(SORT_BY_ALIGNMENT(.relr.dyn))

.init
 *(SORT_NONE(.init))

.plt            0x00000000004000e8        0x0
 *(SORT_BY_ALIGNMENT(.plt))
 *(SORT_BY_ALIGNMENT(.iplt))
 .iplt          0x00000000004000e8        0x0 build/helloworld/helloworld.o

.plt.got
 *(SORT_BY_ALIGNMENT(.plt.got))

.plt.sec
 *(SORT_BY_ALIGNMENT(.plt.sec))

.text           0x00000000004000f0     0x27f8
 *(SORT_BY_ALIGNMENT(.text.unlikely) SORT_BY_ALIGNMENT(.text.*_unlikely) SORT_BY_ALIGNMENT(.text.unlikely.*))
 *(SORT_BY_ALIGNMENT(.text.exit) SORT_BY_ALIGNMENT(.text.exit.*))
 *(SORT_BY_ALIGNMENT(.text.startup) SORT_BY_ALIGNMENT(.text.startup.*))
 *(SORT_BY_ALIGNMENT(.text.hot) SORT_BY_ALIGNMENT(.text.hot.*))
 *(SORT_BY_NAME(SORT_BY_ALIGNMENT(.text.sorted.*)))
 *(SORT_BY_ALIGNMENT(.text) SORT_BY_ALIGNMENT(.stub) SORT_BY_ALIGNMENT(.text.*) SORT_BY_ALIGNMENT(.gnu.linkonce.t.*))
 .text          0x00000000004000f0     0x27f8 build/helloworld/helloworld.o
                0x00000000004000f0                __static_init
                0x0000000000400100                standard__types__bswap16__1__u16__ret_u16
                0x0000000000400110                standard__types__bswap32__1__u32__ret_u32
                0x0000000000400140                standard__types__bswap64__1__u64__ret_u64
                0x00000000004001b0                standard__types__ntoh16__1__be16__ret_le16
                0x00000000004001c0                standard__types__ntoh32__1__be32__ret_le32
                0x00000000004001d0                standard__types__hton16__1__le16__ret_be16
                0x00000000004001e0                standard__types__hton32__1__le32__ret_be32
                0x00000000004001f0                standard__types__bit_test__2__u32__u32__ret_bool
                0x0000000000400200                standard__types__align_up__2__u64__u64__ret_u64
                0x0000000000400220                standard__types__align_down__2__u64__u64__ret_u64
                0x0000000000400240                standard__types__is_aligned__2__u64__u64__ret_bool
                0x0000000000400260                strlen__1__byte_ptr1__ret_int
                0x00000000004002b0                strcpy__2__noopstr__noopstr__ret_noopstr
                0x0000000000400330                i32str__2__i32__byte_ptr1__ret_i32
                0x0000000000400470                i64str__2__i64__byte_ptr1__ret_i64
                0x00000000004005d0                u32str__2__u32__byte_ptr1__ret_u32
                0x00000000004006e0                u64str__2__u64__byte_ptr1__ret_u64
                0x0000000000400810                str2i32__1__byte_ptr1__ret_int
                0x00000000004008f0                str2u32__1__byte_ptr1__ret_uint
                0x00000000004009d0                str2i64__1__byte_ptr1__ret_i64
                0x0000000000400ac0                str2u64__1__byte_ptr1__ret_u64
                0x0000000000400ba0                float2str__3__float__byte_ptr1__i32__ret_i32
                0x0000000000400f60                is_whitespace__1__char__ret_bool
                0x0000000000400f90                is_digit__1__char__ret_bool
                0x0000000000400fb0                is_alpha__1__char__ret_bool
                0x0000000000400fe0                is_alnum__1__char__ret_bool
                0x0000000000401010                is_hex_digit__1__char__ret_bool
                0x0000000000401050                is_identifier_start__1__char__ret_bool
                0x0000000000401070                is_identifier_char__1__char__ret_bool
                0x0000000000401090                is_newline__1__char__ret_bool
                0x00000000004010b0                to_lower__1__char__ret_char
                0x00000000004010d0                to_upper__1__char__ret_char
                0x00000000004010f0                char_to_digit__1__char__ret_int
                0x0000000000401120                hex_to_int__1__char__ret_int
                0x0000000000401180                find_char__3__byte_ptr1__char__int__ret_int
                0x00000000004011f0                find_char_last__2__byte_ptr1__char__ret_int
                0x0000000000401250                find_any__3__byte_ptr1__byte_ptr1__int__ret_int
                0x00000000004012f0                find_substring__3__byte_ptr1__byte_ptr1__int__ret_int
                0x0000000000401420                skip_whitespace__2__byte_ptr1__int__ret_int
                0x0000000000401460                trim_end__1__byte_ptr1__ret_void
                0x00000000004014f0                compare_n__3__byte_ptr1__byte_ptr1__int__ret_int
                0x0000000000401570                compare_ignore_case__2__byte_ptr1__byte_ptr1__ret_int
                0x0000000000401650                starts_with__2__byte_ptr1__byte_ptr1__ret_bool
                0x00000000004016c0                ends_with__2__byte_ptr1__byte_ptr1__ret_bool
                0x00000000004017a0                copy_string__1__byte_ptr1__ret_byte
                0x0000000000401850                copy_n__2__byte_ptr1__int__ret_byte
                0x00000000004018e0                substring__3__byte_ptr1__int__int__ret_byte
                0x0000000000401980                concat__2__byte_ptr1__byte_ptr1__ret_byte
                0x0000000000401ac0                parse_int__3__byte_ptr1__int__int_ptr1__ret_int
                0x0000000000401b80                parse_hex__3__byte_ptr1__int__int_ptr1__ret_int
                0x0000000000401c40                count_lines__1__byte_ptr1__ret_int
                0x0000000000401cb0                get_line__2__byte_ptr1__int__ret_byte
                0x0000000000401d80                count_words__1__byte_ptr1__ret_int
                0x0000000000401e00                replace_first__3__byte_ptr1__byte_ptr1__byte_ptr1__ret_byte
                0x0000000000401fe0                skip_until__3__byte_ptr1__int__char__ret_int
                0x0000000000402020                skip_while_digit__2__byte_ptr1__int__ret_int
                0x0000000000402060                skip_while_alnum__2__byte_ptr1__int__ret_int
                0x00000000004020a0                skip_while_identifier__2__byte_ptr1__int__ret_int
                0x00000000004020e0                match_at__3__byte_ptr1__int__byte_ptr1__ret_bool
                0x0000000000402150                string.__init
                0x0000000000402160                string.__exit
                0x0000000000402170                string.val
                0x0000000000402180                string.len
                0x0000000000402190                string.set
                0x00000000004021a0                standard__io__file__read_file__3__byte_ptr1__byte_arr__int__ret_int
                0x0000000000402260                standard__io__file__write_file__3__byte_ptr1__byte_arr__int__ret_int
                0x00000000004022d0                standard__io__file__append_file__3__byte_ptr1__byte_arr__int__ret_int
                0x0000000000402340                standard__io__file__get_file_size__1__byte_ptr1__ret_int
                0x00000000004023b0                standard__io__file__file_exists__1__byte_ptr1__ret_bool
                0x0000000000402400                standard__io__console__input__2__byte_arr__int__ret_int
                0x0000000000402420                standard__io__console__nix_print__2__byte_ptr1__int__ret_void
                0x0000000000402450                standard__io__console__print__2__noopstr__int__ret_void
                0x0000000000402480                standard__io__console__print__1__noopstr__ret_void
                0x00000000004024c0                standard__io__console__print__1__byte__ret_void
                0x00000000004024e0                standard__io__console__print__1__int__ret_void
                0x0000000000402510                standard__io__console__print__1__i64__ret_void
                0x0000000000402540                standard__io__console__print__1__uint__ret_void
                0x0000000000402570                standard__io__console__print__1__u64__ret_void
                0x00000000004025a0                standard__io__console__print__1__float__ret_void
                0x00000000004025e0                standard__io__console__print__2__float__int__ret_void
                0x0000000000402620                standard__io__console__print__0__ret_void
                0x0000000000402640                standard__io__file__open__3__byte_ptr1__i32__i32__ret_i64
                0x0000000000402690                standard__io__file__read__3__i64__byte_ptr1__u64__ret_i64
                0x00000000004026e0                standard__io__file__write__3__i64__byte_ptr1__u64__ret_i64
                0x0000000000402730                standard__io__file__close__1__i64__ret_i32
                0x0000000000402770                standard__io__file__open_read__1__byte_ptr1__ret_i64
                0x0000000000402780                standard__io__file__open_write__1__byte_ptr1__ret_i64
                0x00000000004027a0                standard__io__file__open_append__1__byte_ptr1__ret_i64
                0x00000000004027c0                standard__io__file__open_read_write__1__byte_ptr1__ret_i64
                0x00000000004027e0                standard__io__file__read32__3__i64__byte_ptr1__u32__ret_i32
                0x0000000000402810                standard__io__file__write32__3__i64__byte_ptr1__u32__ret_i32
                0x0000000000402840                main
                0x0000000000402890                FRTStartup
                0x00000000004028e0                _start
 *(SORT_BY_ALIGNMENT(.gnu.warning))

.fini
 *(SORT_NONE(.fini))
                [!provide]                        PROVIDE (__etext = .)
                [!provide]                        PROVIDE (_etext = .)
                [!provide]                        PROVIDE (etext = .)

.rodata         0x0000000000500000        0x4
 *(SORT_BY_ALIGNMENT(.rodata) SORT_BY_ALIGNMENT(.rodata.*) SORT_BY_ALIGNMENT(.gnu.linkonce.r.*))
 .rodata.cst4   0x0000000000500000        0x4 build/helloworld/helloworld.o

.rodata1
 *(SORT_BY_ALIGNMENT(.rodata1))

.eh_frame_hdr
 *(SORT_BY_ALIGNMENT(.eh_frame_hdr))
 *(SORT_BY_ALIGNMENT(.eh_frame_entry) SORT_BY_ALIGNMENT(.eh_frame_entry.*))

.eh_frame       0x0000000000500008      0xa88
 *(SORT_BY_ALIGNMENT(.eh_frame))
 .eh_frame      0x0000000000500008      0xa88 build/helloworld/helloworld.o
 *(SORT_BY_ALIGNMENT(.eh_frame.*))

.sframe
 *(SORT_BY_ALIGNMENT(.sframe))
 *(SORT_BY_ALIGNMENT(.sframe.*))

.gcc_except_table
 *(SORT_BY_ALIGNMENT(.gcc_except_table) SORT_BY_ALIGNMENT(.gcc_except_table.*))

.gnu_extab
 *(SORT_BY_ALIGNMENT(.gnu_extab*))

.exception_ranges
 *(SORT_BY_ALIGNMENT(.exception_ranges*))
                0x0000000000501a90                . = DATA_SEGMENT_ALIGN (CONSTANT (MAXPAGESIZE), CONSTANT (COMMONPAGESIZE))

.eh_frame
 *(SORT_BY_ALIGNMENT(.eh_frame))
 *(SORT_BY_ALIGNMENT(.eh_frame.*))

.sframe
 *(SORT_BY_ALIGNMENT(.sframe))
 *(SORT_BY_ALIGNMENT(.sframe.*))

.gnu_extab
 *(SORT_BY_ALIGNMENT(.gnu_extab))

.gcc_except_table
 *(SORT_BY_ALIGNMENT(.gcc_except_table) SORT_BY_ALIGNMENT(.gcc_except_table.*))

.exception_ranges
 *(SORT_BY_ALIGNMENT(.exception_ranges*))

.tdata          0x0000000000501a90        0x0
                [!provide]                        PROVIDE (__tdata_start = .)
 *(SORT_BY_ALIGNMENT(.tdata) SORT_BY_ALIGNMENT(.tdata.*) SORT_BY_ALIGNMENT(.gnu.linkonce.td.*))

.tbss
 *(SORT_BY_ALIGNMENT(.tbss) SORT_BY_ALIGNMENT(.tbss.*) SORT_BY_ALIGNMENT(.gnu.linkonce.tb.*))
 *(SORT_BY_ALIGNMENT(.tcommon))

.preinit_array  0x0000000000501a90        0x0
                [!provide]                        PROVIDE (__preinit_array_start = .)
 *(SORT_BY_ALIGNMENT(.preinit_array))
                [!provide]                        PROVIDE (__preinit_array_end = .)

.init_array     0x0000000000501a90        0x0
                [!provide]                        PROVIDE (__init_array_start = .)
 *(SORT_BY_INIT_PRIORITY(.init_array.*) SORT_BY_INIT_PRIORITY(.ctors.*))
 *(SORT_BY_ALIGNMENT(.init_array) SORT_BY_ALIGNMENT(EXCLUDE_FILE(*crtend?.o *crtend.o *crtbegin?.o *crtbegin.o) .ctors))
                [!provide]                        PROVIDE (__init_array_end = .)

.fini_array     0x0000000000501a90        0x0
                [!provide]                        PROVIDE (__fini_array_start = .)
 *(SORT_BY_INIT_PRIORITY(.fini_array.*) SORT_BY_INIT_PRIORITY(.dtors.*))
 *(SORT_BY_ALIGNMENT(.fini_array) SORT_BY_ALIGNMENT(EXCLUDE_FILE(*crtend?.o *crtend.o *crtbegin?.o *crtbegin.o) .dtors))
                [!provide]                        PROVIDE (__fini_array_end = .)

.ctors
 *crtbegin.o(SORT_BY_ALIGNMENT(.ctors))
 *crtbegin?.o(SORT_BY_ALIGNMENT(.ctors))
 *(SORT_BY_ALIGNMENT(EXCLUDE_FILE(*crtend?.o *crtend.o) .ctors))
 *(SORT_BY_NAME(SORT_BY_ALIGNMENT(.ctors.*)))
 *(SORT_BY_ALIGNMENT(.ctors))

.dtors
 *crtbegin.o(SORT_BY_ALIGNMENT(.dtors))
 *crtbegin?.o(SORT_BY_ALIGNMENT(.dtors))
 *(SORT_BY_ALIGNMENT(EXCLUDE_FILE(*crtend?.o *crtend.o) .dtors))
 *(SORT_BY_NAME(SORT_BY_ALIGNMENT(.dtors.*)))
 *(SORT_BY_ALIGNMENT(.dtors))

.jcr
 *(SORT_BY_ALIGNMENT(.jcr))

.data.rel.ro
 *(SORT_BY_ALIGNMENT(.data.rel.ro.local*) SORT_BY_ALIGNMENT(.gnu.linkonce.d.rel.ro.local.*))
 *(SORT_BY_ALIGNMENT(.data.rel.ro) SORT_BY_ALIGNMENT(.data.rel.ro.*) SORT_BY_ALIGNMENT(.gnu.linkonce.d.rel.ro.*))

.dynamic
 *(SORT_BY_ALIGNMENT(.dynamic))

.got            0x0000000000501a90        0x0
 *(SORT_BY_ALIGNMENT(.got))
 .got           0x0000000000501a90        0x0 build/helloworld/helloworld.o
 *(SORT_BY_ALIGNMENT(.igot))
                0x0000000000501a90                . = DATA_SEGMENT_RELRO_END (., (SIZEOF (.got.plt) >= 0x18)?0x18:0x0)

.got.plt        0x0000000000501a90        0x0
 *(SORT_BY_ALIGNMENT(.got.plt))
 .got.plt       0x0000000000501a90        0x0 build/helloworld/helloworld.o
 *(SORT_BY_ALIGNMENT(.igot.plt))
 .igot.plt      0x0000000000501a90        0x0 build/helloworld/helloworld.o

.data           0x0000000000600000        0x0
 *(SORT_BY_ALIGNMENT(.data) SORT_BY_ALIGNMENT(.data.*) SORT_BY_ALIGNMENT(.gnu.linkonce.d.*))

.data1
 *(SORT_BY_ALIGNMENT(.data1))
                0x0000000000501a90                _edata = .
                [!provide]                        PROVIDE (edata = .)
                0x0000000000600000                . = ALIGN (ALIGNOF (NEXT_SECTION))
                0x0000000000501a90                __bss_start = .

.bss            0x0000000000700000        0x0
 *(SORT_BY_ALIGNMENT(.dynbss))
 *(SORT_BY_ALIGNMENT(.bss) SORT_BY_ALIGNMENT(.bss.*) SORT_BY_ALIGNMENT(.gnu.linkonce.b.*))
 *(SORT_BY_ALIGNMENT(COMMON))
                0x0000000000700000                . = ALIGN ((. != 0x0)?0x8:0x1)

.lbss
 *(SORT_BY_ALIGNMENT(.dynlbss))
 *(SORT_BY_ALIGNMENT(.lbss) SORT_BY_ALIGNMENT(.lbss.*) SORT_BY_ALIGNMENT(.gnu.linkonce.lb.*))
 *(SORT_BY_ALIGNMENT(LARGE_COMMON))
                0x0000000000700000                . = ALIGN (0x8)
                0x0000000000700000                . = SEGMENT_START ("ldata-segment", .)

.lrodata
 *(SORT_BY_ALIGNMENT(.lrodata) SORT_BY_ALIGNMENT(.lrodata.*) SORT_BY_ALIGNMENT(.gnu.linkonce.lr.*))

.ldata          0x0000000000700000        0x0
 *(SORT_BY_ALIGNMENT(.ldata) SORT_BY_ALIGNMENT(.ldata.*) SORT_BY_ALIGNMENT(.gnu.linkonce.l.*))
                0x0000000000700000                . = ALIGN ((. != 0x0)?0x8:0x1)
                0x0000000000700000                . = ALIGN (0x8)
                0x0000000000501a90                _end = .
                [!provide]                        PROVIDE (end = .)
                0x0000000000700000                . = DATA_SEGMENT_END (.)

.stab
 *(SORT_BY_ALIGNMENT(.stab))

.stabstr
 *(SORT_BY_ALIGNMENT(.stabstr))

.stab.excl
 *(SORT_BY_ALIGNMENT(.stab.excl))

.stab.exclstr
 *(SORT_BY_ALIGNMENT(.stab.exclstr))

.stab.index
 *(SORT_BY_ALIGNMENT(.stab.index))

.stab.indexstr
 *(SORT_BY_ALIGNMENT(.stab.indexstr))

.comment
 *(SORT_BY_ALIGNMENT(.comment))

.gnu.build.attributes
 *(SORT_BY_ALIGNMENT(.gnu.build.attributes) SORT_BY_ALIGNMENT(.gnu.build.attributes.*))

.debug
 *(SORT_BY_ALIGNMENT(.debug))

.line
 *(SORT_BY_ALIGNMENT(.line))

.debug_srcinfo
 *(SORT_BY_ALIGNMENT(.debug_srcinfo))

.debug_sfnames
 *(SORT_BY_ALIGNMENT(.debug_sfnames))

.debug_aranges
 *(SORT_BY_ALIGNMENT(.debug_aranges))

.debug_pubnames
 *(SORT_BY_ALIGNMENT(.debug_pubnames))

.debug_info
 *(SORT_BY_ALIGNMENT(.debug_info) SORT_BY_ALIGNMENT(.gnu.linkonce.wi.*))

.debug_abbrev
 *(SORT_BY_ALIGNMENT(.debug_abbrev))

.debug_line
 *(SORT_BY_ALIGNMENT(.debug_line) SORT_BY_ALIGNMENT(.debug_line.*) SORT_BY_ALIGNMENT(.debug_line_end))

.debug_frame
 *(SORT_BY_ALIGNMENT(.debug_frame))

.debug_str
 *(SORT_BY_ALIGNMENT(.debug_str))

.debug_loc
 *(SORT_BY_ALIGNMENT(.debug_loc))

.debug_macinfo
 *(SORT_BY_ALIGNMENT(.debug_macinfo))

.debug_weaknames
 *(SORT_BY_ALIGNMENT(.debug_weaknames))

.debug_funcnames
 *(SORT_BY_ALIGNMENT(.debug_funcnames))

.debug_typenames
 *(SORT_BY_ALIGNMENT(.debug_typenames))

.debug_varnames
 *(SORT_BY_ALIGNMENT(.debug_varnames))

.debug_pubtypes
 *(SORT_BY_ALIGNMENT(.debug_pubtypes))

.debug_ranges
 *(SORT_BY_ALIGNMENT(.debug_ranges))

.debug_addr
 *(SORT_BY_ALIGNMENT(.debug_addr))

.debug_line_str
 *(SORT_BY_ALIGNMENT(.debug_line_str))

.debug_loclists
 *(SORT_BY_ALIGNMENT(.debug_loclists))

.debug_macro
 *(SORT_BY_ALIGNMENT(.debug_macro))

.debug_names
 *(SORT_BY_ALIGNMENT(.debug_names))

.debug_rnglists
 *(SORT_BY_ALIGNMENT(.debug_rnglists))

.debug_str_offsets
 *(SORT_BY_ALIGNMENT(.debug_str_offsets))

.debug_sup
 *(SORT_BY_ALIGNMENT(.debug_sup))

.gnu.attributes
 *(SORT_BY_ALIGNMENT(.gnu.attributes))

/DISCARD/
 *(SORT_BY_ALIGNMENT(.note.GNU-stack))
 *(SORT_BY_ALIGNMENT(.gnu_debuglink))
 *(SORT_BY_ALIGNMENT(.gnu.lto_*))
OUTPUT(build/./helloworld/./helloworld elf64-x86-64)

Cross Reference Table

Symbol                                            File
FRTStartup                                        build/helloworld/helloworld.o
_GLOBAL_OFFSET_TABLE_                             build/helloworld/helloworld.o
__static_init                                     build/helloworld/helloworld.o
_start                                            build/helloworld/helloworld.o
char_to_digit__1__char__ret_int                   build/helloworld/helloworld.o
compare_ignore_case__2__byte_ptr1__byte_ptr1__ret_int build/helloworld/helloworld.o
compare_n__3__byte_ptr1__byte_ptr1__int__ret_int  build/helloworld/helloworld.o
concat__2__byte_ptr1__byte_ptr1__ret_byte         build/helloworld/helloworld.o
copy_n__2__byte_ptr1__int__ret_byte               build/helloworld/helloworld.o
copy_string__1__byte_ptr1__ret_byte               build/helloworld/helloworld.o
count_lines__1__byte_ptr1__ret_int                build/helloworld/helloworld.o
count_words__1__byte_ptr1__ret_int                build/helloworld/helloworld.o
ends_with__2__byte_ptr1__byte_ptr1__ret_bool      build/helloworld/helloworld.o
exit                                              build/helloworld/helloworld.o
fclose                                            build/helloworld/helloworld.o
find_any__3__byte_ptr1__byte_ptr1__int__ret_int   build/helloworld/helloworld.o
find_char__3__byte_ptr1__char__int__ret_int       build/helloworld/helloworld.o
find_char_last__2__byte_ptr1__char__ret_int       build/helloworld/helloworld.o
find_substring__3__byte_ptr1__byte_ptr1__int__ret_int build/helloworld/helloworld.o
float2str__3__float__byte_ptr1__i32__ret_i32      build/helloworld/helloworld.o
fopen                                             build/helloworld/helloworld.o
fread                                             build/helloworld/helloworld.o
fseek                                             build/helloworld/helloworld.o
ftell                                             build/helloworld/helloworld.o
fwrite                                            build/helloworld/helloworld.o
get_line__2__byte_ptr1__int__ret_byte             build/helloworld/helloworld.o
hex_to_int__1__char__ret_int                      build/helloworld/helloworld.o
i32str__2__i32__byte_ptr1__ret_i32                build/helloworld/helloworld.o
i64str__2__i64__byte_ptr1__ret_i64                build/helloworld/helloworld.o
is_alnum__1__char__ret_bool                       build/helloworld/helloworld.o
is_alpha__1__char__ret_bool                       build/helloworld/helloworld.o
is_digit__1__char__ret_bool                       build/helloworld/helloworld.o
is_hex_digit__1__char__ret_bool                   build/helloworld/helloworld.o
is_identifier_char__1__char__ret_bool             build/helloworld/helloworld.o
is_identifier_start__1__char__ret_bool            build/helloworld/helloworld.o
is_newline__1__char__ret_bool                     build/helloworld/helloworld.o
is_whitespace__1__char__ret_bool                  build/helloworld/helloworld.o
main                                              build/helloworld/helloworld.o
malloc                                            build/helloworld/helloworld.o
match_at__3__byte_ptr1__int__byte_ptr1__ret_bool  build/helloworld/helloworld.o
parse_hex__3__byte_ptr1__int__int_ptr1__ret_int   build/helloworld/helloworld.o
parse_int__3__byte_ptr1__int__int_ptr1__ret_int   build/helloworld/helloworld.o
replace_first__3__byte_ptr1__byte_ptr1__byte_ptr1__ret_byte build/helloworld/helloworld.o
rewind                                            build/helloworld/helloworld.o
skip_until__3__byte_ptr1__int__char__ret_int      build/helloworld/helloworld.o
skip_while_alnum__2__byte_ptr1__int__ret_int      build/helloworld/helloworld.o
skip_while_digit__2__byte_ptr1__int__ret_int      build/helloworld/helloworld.o
skip_while_identifier__2__byte_ptr1__int__ret_int build/helloworld/helloworld.o
skip_whitespace__2__byte_ptr1__int__ret_int       build/helloworld/helloworld.o
standard__io__console__input__2__byte_arr__int__ret_int build/helloworld/helloworld.o
standard__io__console__nix_input__2__byte_arr__int__ret_int build/helloworld/helloworld.o
standard__io__console__nix_print__2__byte_ptr1__int__ret_void build/helloworld/helloworld.o
standard__io__console__print__0__ret_void         build/helloworld/helloworld.o
standard__io__console__print__1__byte__ret_void   build/helloworld/helloworld.o
standard__io__console__print__1__float__ret_void  build/helloworld/helloworld.o
standard__io__console__print__1__i64__ret_void    build/helloworld/helloworld.o
standard__io__console__print__1__int__ret_void    build/helloworld/helloworld.o
standard__io__console__print__1__noopstr__ret_void build/helloworld/helloworld.o
standard__io__console__print__1__u64__ret_void    build/helloworld/helloworld.o
standard__io__console__print__1__uint__ret_void   build/helloworld/helloworld.o
standard__io__console__print__2__float__int__ret_void build/helloworld/helloworld.o
standard__io__console__print__2__noopstr__int__ret_void build/helloworld/helloworld.o
standard__io__file__append_file__3__byte_ptr1__byte_arr__int__ret_int build/helloworld/helloworld.o
standard__io__file__close__1__i64__ret_i32        build/helloworld/helloworld.o
standard__io__file__file_exists__1__byte_ptr1__ret_bool build/helloworld/helloworld.o
standard__io__file__get_file_size__1__byte_ptr1__ret_int build/helloworld/helloworld.o
standard__io__file__open__3__byte_ptr1__i32__i32__ret_i64 build/helloworld/helloworld.o
standard__io__file__open_append__1__byte_ptr1__ret_i64 build/helloworld/helloworld.o
standard__io__file__open_read__1__byte_ptr1__ret_i64 build/helloworld/helloworld.o
standard__io__file__open_read_write__1__byte_ptr1__ret_i64 build/helloworld/helloworld.o
standard__io__file__open_write__1__byte_ptr1__ret_i64 build/helloworld/helloworld.o
standard__io__file__read32__3__i64__byte_ptr1__u32__ret_i32 build/helloworld/helloworld.o
standard__io__file__read__3__i64__byte_ptr1__u64__ret_i64 build/helloworld/helloworld.o
standard__io__file__read_file__3__byte_ptr1__byte_arr__int__ret_int build/helloworld/helloworld.o
standard__io__file__write32__3__i64__byte_ptr1__u32__ret_i32 build/helloworld/helloworld.o
standard__io__file__write__3__i64__byte_ptr1__u64__ret_i64 build/helloworld/helloworld.o
standard__io__file__write_file__3__byte_ptr1__byte_arr__int__ret_int build/helloworld/helloworld.o
standard__types__align_down__2__u64__u64__ret_u64 build/helloworld/helloworld.o
standard__types__align_up__2__u64__u64__ret_u64   build/helloworld/helloworld.o
standard__types__bit_test__2__u32__u32__ret_bool  build/helloworld/helloworld.o
standard__types__bswap16__1__u16__ret_u16         build/helloworld/helloworld.o
standard__types__bswap32__1__u32__ret_u32         build/helloworld/helloworld.o
standard__types__bswap64__1__u64__ret_u64         build/helloworld/helloworld.o
standard__types__hton16__1__le16__ret_be16        build/helloworld/helloworld.o
standard__types__hton32__1__le32__ret_be32        build/helloworld/helloworld.o
standard__types__is_aligned__2__u64__u64__ret_bool build/helloworld/helloworld.o
standard__types__ntoh16__1__be16__ret_le16        build/helloworld/helloworld.o
standard__types__ntoh32__1__be32__ret_le32        build/helloworld/helloworld.o
starts_with__2__byte_ptr1__byte_ptr1__ret_bool    build/helloworld/helloworld.o
str2i32__1__byte_ptr1__ret_int                    build/helloworld/helloworld.o
str2i64__1__byte_ptr1__ret_i64                    build/helloworld/helloworld.o
str2u32__1__byte_ptr1__ret_uint                   build/helloworld/helloworld.o
str2u64__1__byte_ptr1__ret_u64                    build/helloworld/helloworld.o
strcpy__2__noopstr__noopstr__ret_noopstr          build/helloworld/helloworld.o
string.__exit                                     build/helloworld/helloworld.o
string.__init                                     build/helloworld/helloworld.o
string.len                                        build/helloworld/helloworld.o
string.set                                        build/helloworld/helloworld.o
string.val                                        build/helloworld/helloworld.o
strlen                                            build/helloworld/helloworld.o
strlen__1__byte_ptr1__ret_int                     build/helloworld/helloworld.o
substring__3__byte_ptr1__int__int__ret_byte       build/helloworld/helloworld.o
to_lower__1__char__ret_char                       build/helloworld/helloworld.o
to_upper__1__char__ret_char                       build/helloworld/helloworld.o
trim_end__1__byte_ptr1__ret_void                  build/helloworld/helloworld.o
u32str__2__u32__byte_ptr1__ret_u32                build/helloworld/helloworld.o
u64str__2__u64__byte_ptr1__ret_u64                build/helloworld/helloworld.o
