
Merging program properties


Discarded input sections

 .data          0x0000000000000000        0xc build/helloworld/helloworld.o

Memory Configuration

Name             Origin             Length             Attributes
*default*        0x0000000000000000 0xffffffffffffffff

Linker script and memory map

Address of section .text-segment set to 0x400000
Address of section .rodata set to 0x500000
Address of section .data set to 0x600000
Address of section .bss set to 0x700000
LOAD build/helloworld/helloworld.o
START GROUP
END GROUP
                [!provide]                        PROVIDE (__executable_start = SEGMENT_START ("text-segment", 0x400000))
                0x0000000000400158                . = (SEGMENT_START ("text-segment", 0x400000) + SIZEOF_HEADERS)

.note.gnu.build-id
 *(SORT_BY_ALIGNMENT(.note.gnu.build-id))

.interp
 *(SORT_BY_ALIGNMENT(.interp))

.note.gnu.property
                0x0000000000400158       0x30
 .note.gnu.property
                0x0000000000400158       0x30 build/helloworld/helloworld.o

.hash
 *(SORT_BY_ALIGNMENT(.hash))

.gnu.hash
 *(SORT_BY_ALIGNMENT(.gnu.hash))

.dynsym
 *(SORT_BY_ALIGNMENT(.dynsym))

.dynstr
 *(SORT_BY_ALIGNMENT(.dynstr))

.gnu.version
 *(SORT_BY_ALIGNMENT(.gnu.version))

.gnu.version_d
 *(SORT_BY_ALIGNMENT(.gnu.version_d))

.gnu.version_r
 *(SORT_BY_ALIGNMENT(.gnu.version_r))

.rela.dyn       0x0000000000400188        0x0
 *(SORT_BY_ALIGNMENT(.rela.init))
 *(SORT_BY_ALIGNMENT(.rela.text) SORT_BY_ALIGNMENT(.rela.text.*) SORT_BY_ALIGNMENT(.rela.gnu.linkonce.t.*))
 *(SORT_BY_ALIGNMENT(.rela.fini))
 *(SORT_BY_ALIGNMENT(.rela.rodata) SORT_BY_ALIGNMENT(.rela.rodata.*) SORT_BY_ALIGNMENT(.rela.gnu.linkonce.r.*))
 *(SORT_BY_ALIGNMENT(.rela.data) SORT_BY_ALIGNMENT(.rela.data.*) SORT_BY_ALIGNMENT(.rela.gnu.linkonce.d.*))
 *(SORT_BY_ALIGNMENT(.rela.tdata) SORT_BY_ALIGNMENT(.rela.tdata.*) SORT_BY_ALIGNMENT(.rela.gnu.linkonce.td.*))
 *(SORT_BY_ALIGNMENT(.rela.tbss) SORT_BY_ALIGNMENT(.rela.tbss.*) SORT_BY_ALIGNMENT(.rela.gnu.linkonce.tb.*))
 *(SORT_BY_ALIGNMENT(.rela.ctors))
 *(SORT_BY_ALIGNMENT(.rela.dtors))
 *(SORT_BY_ALIGNMENT(.rela.got))
 .rela.got      0x0000000000400188        0x0 build/helloworld/helloworld.o
 *(SORT_BY_ALIGNMENT(.rela.bss) SORT_BY_ALIGNMENT(.rela.bss.*) SORT_BY_ALIGNMENT(.rela.gnu.linkonce.b.*))
 *(SORT_BY_ALIGNMENT(.rela.ldata) SORT_BY_ALIGNMENT(.rela.ldata.*) SORT_BY_ALIGNMENT(.rela.gnu.linkonce.l.*))
 *(SORT_BY_ALIGNMENT(.rela.lbss) SORT_BY_ALIGNMENT(.rela.lbss.*) SORT_BY_ALIGNMENT(.rela.gnu.linkonce.lb.*))
 *(SORT_BY_ALIGNMENT(.rela.lrodata) SORT_BY_ALIGNMENT(.rela.lrodata.*) SORT_BY_ALIGNMENT(.rela.gnu.linkonce.lr.*))
 *(SORT_BY_ALIGNMENT(.rela.ifunc))

.rela.plt       0x0000000000400188        0x0
 *(SORT_BY_ALIGNMENT(.rela.plt))
                [!provide]                        PROVIDE (__rela_iplt_start = .)
 *(SORT_BY_ALIGNMENT(.rela.iplt))
 .rela.iplt     0x0000000000400188        0x0 build/helloworld/helloworld.o
                [!provide]                        PROVIDE (__rela_iplt_end = .)

.relr.dyn
 *(SORT_BY_ALIGNMENT(.relr.dyn))

.init
 *(SORT_NONE(.init))

.plt            0x0000000000400188        0x0
 *(SORT_BY_ALIGNMENT(.plt))
 *(SORT_BY_ALIGNMENT(.iplt))
 .iplt          0x0000000000400188        0x0 build/helloworld/helloworld.o

.plt.got
 *(SORT_BY_ALIGNMENT(.plt.got))

.plt.sec
 *(SORT_BY_ALIGNMENT(.plt.sec))

.text           0x0000000000400190      0x377
 *(SORT_BY_ALIGNMENT(.text.unlikely) SORT_BY_ALIGNMENT(.text.*_unlikely) SORT_BY_ALIGNMENT(.text.unlikely.*))
 *(SORT_BY_ALIGNMENT(.text.exit) SORT_BY_ALIGNMENT(.text.exit.*))
 *(SORT_BY_ALIGNMENT(.text.startup) SORT_BY_ALIGNMENT(.text.startup.*))
 *(SORT_BY_ALIGNMENT(.text.hot) SORT_BY_ALIGNMENT(.text.hot.*))
 *(SORT_BY_NAME(SORT_BY_ALIGNMENT(.text.sorted.*)))
 *(SORT_BY_ALIGNMENT(.text) SORT_BY_ALIGNMENT(.stub) SORT_BY_ALIGNMENT(.text.*) SORT_BY_ALIGNMENT(.gnu.linkonce.t.*))
 .text          0x0000000000400190      0x377 build/helloworld/helloworld.o
                0x0000000000400190                standard__system__get_os
                0x0000000000400220                standard__io__console__win_input
                0x00000000004002f0                standard__io__console__input
                0x0000000000400320                standard__io__console__win_print
                0x0000000000400360                standard__io__console__wpnl
                0x0000000000400380                standard__io__console__nix_print
                0x00000000004003c0                standard__io__console__mac_print
                0x00000000004003d0                standard__io__console__print
                0x0000000000400430                standard__io__console__reset_from_input
                0x0000000000400460                _start
                0x0000000000400470                main
                0x0000000000400480                exit
                0x00000000004004c0                FRTStartup
 *(SORT_BY_ALIGNMENT(.gnu.warning))

.fini
 *(SORT_NONE(.fini))
                [!provide]                        PROVIDE (__etext = .)
                [!provide]                        PROVIDE (_etext = .)
                [!provide]                        PROVIDE (etext = .)

.rodata         0x0000000000500000        0x0
 *(SORT_BY_ALIGNMENT(.rodata) SORT_BY_ALIGNMENT(.rodata.*) SORT_BY_ALIGNMENT(.gnu.linkonce.r.*))

.rodata1
 *(SORT_BY_ALIGNMENT(.rodata1))

.eh_frame_hdr
 *(SORT_BY_ALIGNMENT(.eh_frame_hdr))
 *(SORT_BY_ALIGNMENT(.eh_frame_entry) SORT_BY_ALIGNMENT(.eh_frame_entry.*))

.eh_frame       0x0000000000400508      0x190
 *(SORT_BY_ALIGNMENT(.eh_frame))
 .eh_frame      0x0000000000400508      0x190 build/helloworld/helloworld.o
 *(SORT_BY_ALIGNMENT(.eh_frame.*))

.sframe
 *(SORT_BY_ALIGNMENT(.sframe))
 *(SORT_BY_ALIGNMENT(.sframe.*))

.gcc_except_table
 *(SORT_BY_ALIGNMENT(.gcc_except_table) SORT_BY_ALIGNMENT(.gcc_except_table.*))

.gnu_extab
 *(SORT_BY_ALIGNMENT(.gnu_extab*))

.exception_ranges
 *(SORT_BY_ALIGNMENT(.exception_ranges*))

.note.build-id
 *(SORT_BY_ALIGNMENT(.note.build-id))

.note.GNU-stack
                0x0000000000400698        0x0
 *(SORT_BY_ALIGNMENT(.note.GNU-stack))
 .note.GNU-stack
                0x0000000000400698        0x0 build/helloworld/helloworld.o

.note.gnu-property
 *(SORT_BY_ALIGNMENT(.note.gnu-property))

.note.ABI-tag
 *(SORT_BY_ALIGNMENT(.note.ABI-tag))

.note.package
 *(SORT_BY_ALIGNMENT(.note.package))

.note.dlopen
 *(SORT_BY_ALIGNMENT(.note.dlopen))

.note.netbsd.ident
 *(SORT_BY_ALIGNMENT(.note.netbsd.ident))

.note.openbsd.ident
 *(SORT_BY_ALIGNMENT(.note.openbsd.ident))
                0x0000000000401000                . = DATA_SEGMENT_ALIGN (CONSTANT (MAXPAGESIZE), CONSTANT (COMMONPAGESIZE))

.eh_frame
 *(SORT_BY_ALIGNMENT(.eh_frame))
 *(SORT_BY_ALIGNMENT(.eh_frame.*))

.sframe
 *(SORT_BY_ALIGNMENT(.sframe))
 *(SORT_BY_ALIGNMENT(.sframe.*))

.gnu_extab
 *(SORT_BY_ALIGNMENT(.gnu_extab))

.gcc_except_table
 *(SORT_BY_ALIGNMENT(.gcc_except_table) SORT_BY_ALIGNMENT(.gcc_except_table.*))

.exception_ranges
 *(SORT_BY_ALIGNMENT(.exception_ranges*))

.tdata          0x0000000000401000        0x0
                [!provide]                        PROVIDE (__tdata_start = .)
 *(SORT_BY_ALIGNMENT(.tdata) SORT_BY_ALIGNMENT(.tdata.*) SORT_BY_ALIGNMENT(.gnu.linkonce.td.*))

.tbss
 *(SORT_BY_ALIGNMENT(.tbss) SORT_BY_ALIGNMENT(.tbss.*) SORT_BY_ALIGNMENT(.gnu.linkonce.tb.*))
 *(SORT_BY_ALIGNMENT(.tcommon))

.preinit_array  0x0000000000401000        0x0
                [!provide]                        PROVIDE (__preinit_array_start = .)
 *(SORT_BY_ALIGNMENT(.preinit_array))
                [!provide]                        PROVIDE (__preinit_array_end = .)

.init_array     0x0000000000401000        0x0
                [!provide]                        PROVIDE (__init_array_start = .)
 *(SORT_BY_INIT_PRIORITY(.init_array.*) SORT_BY_INIT_PRIORITY(.ctors.*))
 *(SORT_BY_ALIGNMENT(.init_array) SORT_BY_ALIGNMENT(EXCLUDE_FILE(*crtend?.o *crtend.o *crtbegin?.o *crtbegin.o) .ctors))
                [!provide]                        PROVIDE (__init_array_end = .)

.fini_array     0x0000000000401000        0x0
                [!provide]                        PROVIDE (__fini_array_start = .)
 *(SORT_BY_INIT_PRIORITY(.fini_array.*) SORT_BY_INIT_PRIORITY(.dtors.*))
 *(SORT_BY_ALIGNMENT(.fini_array) SORT_BY_ALIGNMENT(EXCLUDE_FILE(*crtend?.o *crtend.o *crtbegin?.o *crtbegin.o) .dtors))
                [!provide]                        PROVIDE (__fini_array_end = .)

.ctors
 *crtbegin.o(SORT_BY_ALIGNMENT(.ctors))
 *crtbegin?.o(SORT_BY_ALIGNMENT(.ctors))
 *(SORT_BY_ALIGNMENT(EXCLUDE_FILE(*crtend?.o *crtend.o) .ctors))
 *(SORT_BY_NAME(SORT_BY_ALIGNMENT(.ctors.*)))
 *(SORT_BY_ALIGNMENT(.ctors))

.dtors
 *crtbegin.o(SORT_BY_ALIGNMENT(.dtors))
 *crtbegin?.o(SORT_BY_ALIGNMENT(.dtors))
 *(SORT_BY_ALIGNMENT(EXCLUDE_FILE(*crtend?.o *crtend.o) .dtors))
 *(SORT_BY_NAME(SORT_BY_ALIGNMENT(.dtors.*)))
 *(SORT_BY_ALIGNMENT(.dtors))

.jcr
 *(SORT_BY_ALIGNMENT(.jcr))

.data.rel.ro
 *(SORT_BY_ALIGNMENT(.data.rel.ro.local*) SORT_BY_ALIGNMENT(.gnu.linkonce.d.rel.ro.local.*))
 *(SORT_BY_ALIGNMENT(.data.rel.ro) SORT_BY_ALIGNMENT(.data.rel.ro.*) SORT_BY_ALIGNMENT(.gnu.linkonce.d.rel.ro.*))

.dynamic
 *(SORT_BY_ALIGNMENT(.dynamic))

.got            0x0000000000401000        0x0
 *(SORT_BY_ALIGNMENT(.got))
 .got           0x0000000000401000        0x0 build/helloworld/helloworld.o
 *(SORT_BY_ALIGNMENT(.igot))
                0x0000000000401000                . = DATA_SEGMENT_RELRO_END (., (SIZEOF (.got.plt) >= 0x18)?0x18:0x0)

.got.plt        0x0000000000401000        0x0
 *(SORT_BY_ALIGNMENT(.got.plt))
 .got.plt       0x0000000000401000        0x0 build/helloworld/helloworld.o
 *(SORT_BY_ALIGNMENT(.igot.plt))
 .igot.plt      0x0000000000401000        0x0 build/helloworld/helloworld.o

.data           0x0000000000600000        0x0
 *(SORT_BY_ALIGNMENT(.data) SORT_BY_ALIGNMENT(.data.*) SORT_BY_ALIGNMENT(.gnu.linkonce.d.*))

.data1
 *(SORT_BY_ALIGNMENT(.data1))
                0x0000000000401000                _edata = .
                [!provide]                        PROVIDE (edata = .)
                0x0000000000600000                . = ALIGN (ALIGNOF (NEXT_SECTION))
                0x0000000000401000                __bss_start = .

.bss            0x0000000000700000       0x10
 *(SORT_BY_ALIGNMENT(.dynbss))
 *(SORT_BY_ALIGNMENT(.bss) SORT_BY_ALIGNMENT(.bss.*) SORT_BY_ALIGNMENT(.gnu.linkonce.b.*))
 .bss           0x0000000000700000        0xc build/helloworld/helloworld.o
 *(SORT_BY_ALIGNMENT(COMMON))
                0x0000000000700010                . = ALIGN ((. != 0x0)?0x8:0x1)
 *fill*         0x000000000070000c        0x4 

.lbss
 *(SORT_BY_ALIGNMENT(.dynlbss))
 *(SORT_BY_ALIGNMENT(.lbss) SORT_BY_ALIGNMENT(.lbss.*) SORT_BY_ALIGNMENT(.gnu.linkonce.lb.*))
 *(SORT_BY_ALIGNMENT(LARGE_COMMON))
                0x0000000000700010                . = ALIGN (0x8)
                0x0000000000700010                . = SEGMENT_START ("ldata-segment", .)

.lrodata
 *(SORT_BY_ALIGNMENT(.lrodata) SORT_BY_ALIGNMENT(.lrodata.*) SORT_BY_ALIGNMENT(.gnu.linkonce.lr.*))

.ldata          0x0000000000702010        0x0
 *(SORT_BY_ALIGNMENT(.ldata) SORT_BY_ALIGNMENT(.ldata.*) SORT_BY_ALIGNMENT(.gnu.linkonce.l.*))
                0x0000000000702010                . = ALIGN ((. != 0x0)?0x8:0x1)
                0x0000000000702010                . = ALIGN (0x8)
                0x0000000000700010                _end = .
                [!provide]                        PROVIDE (end = .)
                0x0000000000702010                . = DATA_SEGMENT_END (.)

.stab
 *(SORT_BY_ALIGNMENT(.stab))

.stabstr
 *(SORT_BY_ALIGNMENT(.stabstr))

.stab.excl
 *(SORT_BY_ALIGNMENT(.stab.excl))

.stab.exclstr
 *(SORT_BY_ALIGNMENT(.stab.exclstr))

.stab.index
 *(SORT_BY_ALIGNMENT(.stab.index))

.stab.indexstr
 *(SORT_BY_ALIGNMENT(.stab.indexstr))

.comment
 *(SORT_BY_ALIGNMENT(.comment))

.gnu.build.attributes
 *(SORT_BY_ALIGNMENT(.gnu.build.attributes) SORT_BY_ALIGNMENT(.gnu.build.attributes.*))

.debug
 *(SORT_BY_ALIGNMENT(.debug))

.line
 *(SORT_BY_ALIGNMENT(.line))

.debug_srcinfo
 *(SORT_BY_ALIGNMENT(.debug_srcinfo))

.debug_sfnames
 *(SORT_BY_ALIGNMENT(.debug_sfnames))

.debug_aranges
 *(SORT_BY_ALIGNMENT(.debug_aranges))

.debug_pubnames
 *(SORT_BY_ALIGNMENT(.debug_pubnames))

.debug_info
 *(SORT_BY_ALIGNMENT(.debug_info) SORT_BY_ALIGNMENT(.gnu.linkonce.wi.*))

.debug_abbrev
 *(SORT_BY_ALIGNMENT(.debug_abbrev))

.debug_line
 *(SORT_BY_ALIGNMENT(.debug_line) SORT_BY_ALIGNMENT(.debug_line.*) SORT_BY_ALIGNMENT(.debug_line_end))

.debug_frame
 *(SORT_BY_ALIGNMENT(.debug_frame))

.debug_str
 *(SORT_BY_ALIGNMENT(.debug_str))

.debug_loc
 *(SORT_BY_ALIGNMENT(.debug_loc))

.debug_macinfo
 *(SORT_BY_ALIGNMENT(.debug_macinfo))

.debug_weaknames
 *(SORT_BY_ALIGNMENT(.debug_weaknames))

.debug_funcnames
 *(SORT_BY_ALIGNMENT(.debug_funcnames))

.debug_typenames
 *(SORT_BY_ALIGNMENT(.debug_typenames))

.debug_varnames
 *(SORT_BY_ALIGNMENT(.debug_varnames))

.debug_pubtypes
 *(SORT_BY_ALIGNMENT(.debug_pubtypes))

.debug_ranges
 *(SORT_BY_ALIGNMENT(.debug_ranges))

.debug_addr
 *(SORT_BY_ALIGNMENT(.debug_addr))

.debug_line_str
 *(SORT_BY_ALIGNMENT(.debug_line_str))

.debug_loclists
 *(SORT_BY_ALIGNMENT(.debug_loclists))

.debug_macro
 *(SORT_BY_ALIGNMENT(.debug_macro))

.debug_names
 *(SORT_BY_ALIGNMENT(.debug_names))

.debug_rnglists
 *(SORT_BY_ALIGNMENT(.debug_rnglists))

.debug_str_offsets
 *(SORT_BY_ALIGNMENT(.debug_str_offsets))

.debug_sup
 *(SORT_BY_ALIGNMENT(.debug_sup))

.gnu.attributes
 *(SORT_BY_ALIGNMENT(.gnu.attributes))

/DISCARD/
 *(SORT_BY_ALIGNMENT(.note.GNU-stack))
 *(SORT_BY_ALIGNMENT(.gnu_debuglink))
 *(SORT_BY_ALIGNMENT(.gnu.lto_*))
 *(SORT_BY_ALIGNMENT(.gnu_object_only))
OUTPUT(./helloworld elf64-x86-64)

Cross Reference Table

Symbol                                            File
FRTStartup                                        build/helloworld/helloworld.o
GetConsoleMode                                    build/helloworld/helloworld.o
GetStdHandle                                      build/helloworld/helloworld.o
ReadFile                                          build/helloworld/helloworld.o
SetConsoleMode                                    build/helloworld/helloworld.o
WriteFile                                         build/helloworld/helloworld.o
_GLOBAL_OFFSET_TABLE_                             build/helloworld/helloworld.o
_start                                            build/helloworld/helloworld.o
exit                                              build/helloworld/helloworld.o
main                                              build/helloworld/helloworld.o
standard__io__console__input                      build/helloworld/helloworld.o
standard__io__console__mac_print                  build/helloworld/helloworld.o
standard__io__console__nix_print                  build/helloworld/helloworld.o
standard__io__console__print                      build/helloworld/helloworld.o
standard__io__console__reset_from_input           build/helloworld/helloworld.o
standard__io__console__win_input                  build/helloworld/helloworld.o
standard__io__console__win_print                  build/helloworld/helloworld.o
standard__io__console__wpnl                       build/helloworld/helloworld.o
standard__system__get_os                          build/helloworld/helloworld.o
Stats: linker version: (GNU Binutils) 2.45.1
Stats: linker started: Wed Jan 21 19:39:10 2026
Stats: args: ld --gc-sections --as-needed --strip-all --build-id=none --no-eh-frame-hdr --no-ld-generated-unwind-info -z noseparate-code -z norelro -z now -z noexecstack -z max-page-size=0x1000 -z common-page-size=0x1000 -z defs --hash-style=gnu --sort-section=alignment --compress-debug-sections=none --fatal-warnings --stats --cref -Map ./helloworld.map --orphan-handling=place --unresolved-symbols=ignore-all -Ttext-segment=0x400000 --section-start .rodata=0x500000 --section-start .data=0x600000 --section-start .bss=0x700000 -e _start build/helloworld/helloworld.o --start-group --end-group -o ./helloworld 

Stats: phase               cpu time    memory      user time    system time    
Stats: name                (microsec)   (KiB)      (seconds)      (seconds)    
Stats: ALL                     3779     18540              0              0    
Stats: ctf processing            12         0              0              0    
Stats: string merge               3         0              0              0    
Stats: parsing                  983         0              0              0    
Stats: plugins                    1         0              0              0    
Stats: processing files        1860         0              0              0    
Stats: write                    303         0              0              0    
