
Discarded input sections

 .data          0x0000000000000000        0xc build/nix_file_test/nix_file_test.o
 .bss           0x0000000000000000        0x8 build/nix_file_test/nix_file_test.o
 .note.GNU-stack
                0x0000000000000000        0x0 build/nix_file_test/nix_file_test.o

Memory Configuration

Name             Origin             Length             Attributes
*default*        0x0000000000000000 0xffffffffffffffff

Linker script and memory map

Address of section .text-segment set to 0x400000
Address of section .rodata set to 0x500000
Address of section .data set to 0x600000
Address of section .bss set to 0x700000
LOAD build/nix_file_test/nix_file_test.o
START GROUP
END GROUP
                [!provide]                        PROVIDE (__executable_start = SEGMENT_START ("text-segment", 0x400000))
                0x00000000004000e8                . = (SEGMENT_START ("text-segment", 0x400000) + SIZEOF_HEADERS)

.interp
 *(SORT_BY_ALIGNMENT(.interp))

.note.gnu.build-id
 *(SORT_BY_ALIGNMENT(.note.gnu.build-id))

.hash
 *(SORT_BY_ALIGNMENT(.hash))

.gnu.hash
 *(SORT_BY_ALIGNMENT(.gnu.hash))

.dynsym
 *(SORT_BY_ALIGNMENT(.dynsym))

.dynstr
 *(SORT_BY_ALIGNMENT(.dynstr))

.gnu.version
 *(SORT_BY_ALIGNMENT(.gnu.version))

.gnu.version_d
 *(SORT_BY_ALIGNMENT(.gnu.version_d))

.gnu.version_r
 *(SORT_BY_ALIGNMENT(.gnu.version_r))

.rela.dyn       0x00000000004000e8        0x0
 *(SORT_BY_ALIGNMENT(.rela.init))
 *(SORT_BY_ALIGNMENT(.rela.text) SORT_BY_ALIGNMENT(.rela.text.*) SORT_BY_ALIGNMENT(.rela.gnu.linkonce.t.*))
 *(SORT_BY_ALIGNMENT(.rela.fini))
 *(SORT_BY_ALIGNMENT(.rela.rodata) SORT_BY_ALIGNMENT(.rela.rodata.*) SORT_BY_ALIGNMENT(.rela.gnu.linkonce.r.*))
 *(SORT_BY_ALIGNMENT(.rela.data) SORT_BY_ALIGNMENT(.rela.data.*) SORT_BY_ALIGNMENT(.rela.gnu.linkonce.d.*))
 *(SORT_BY_ALIGNMENT(.rela.tdata) SORT_BY_ALIGNMENT(.rela.tdata.*) SORT_BY_ALIGNMENT(.rela.gnu.linkonce.td.*))
 *(SORT_BY_ALIGNMENT(.rela.tbss) SORT_BY_ALIGNMENT(.rela.tbss.*) SORT_BY_ALIGNMENT(.rela.gnu.linkonce.tb.*))
 *(SORT_BY_ALIGNMENT(.rela.ctors))
 *(SORT_BY_ALIGNMENT(.rela.dtors))
 *(SORT_BY_ALIGNMENT(.rela.got))
 .rela.got      0x00000000004000e8        0x0 build/nix_file_test/nix_file_test.o
 *(SORT_BY_ALIGNMENT(.rela.bss) SORT_BY_ALIGNMENT(.rela.bss.*) SORT_BY_ALIGNMENT(.rela.gnu.linkonce.b.*))
 *(SORT_BY_ALIGNMENT(.rela.ldata) SORT_BY_ALIGNMENT(.rela.ldata.*) SORT_BY_ALIGNMENT(.rela.gnu.linkonce.l.*))
 *(SORT_BY_ALIGNMENT(.rela.lbss) SORT_BY_ALIGNMENT(.rela.lbss.*) SORT_BY_ALIGNMENT(.rela.gnu.linkonce.lb.*))
 *(SORT_BY_ALIGNMENT(.rela.lrodata) SORT_BY_ALIGNMENT(.rela.lrodata.*) SORT_BY_ALIGNMENT(.rela.gnu.linkonce.lr.*))
 *(SORT_BY_ALIGNMENT(.rela.ifunc))

.rela.plt       0x00000000004000e8        0x0
 *(SORT_BY_ALIGNMENT(.rela.plt))
                [!provide]                        PROVIDE (__rela_iplt_start = .)
 *(SORT_BY_ALIGNMENT(.rela.iplt))
 .rela.iplt     0x00000000004000e8        0x0 build/nix_file_test/nix_file_test.o
                [!provide]                        PROVIDE (__rela_iplt_end = .)

.relr.dyn
 *(SORT_BY_ALIGNMENT(.relr.dyn))

.init
 *(SORT_NONE(.init))

.plt            0x00000000004000e8        0x0
 *(SORT_BY_ALIGNMENT(.plt))
 *(SORT_BY_ALIGNMENT(.iplt))
 .iplt          0x00000000004000e8        0x0 build/nix_file_test/nix_file_test.o

.plt.got
 *(SORT_BY_ALIGNMENT(.plt.got))

.plt.sec
 *(SORT_BY_ALIGNMENT(.plt.sec))

.text           0x00000000004000f0      0x4dc
 *(SORT_BY_ALIGNMENT(.text.unlikely) SORT_BY_ALIGNMENT(.text.*_unlikely) SORT_BY_ALIGNMENT(.text.unlikely.*))
 *(SORT_BY_ALIGNMENT(.text.exit) SORT_BY_ALIGNMENT(.text.exit.*))
 *(SORT_BY_ALIGNMENT(.text.startup) SORT_BY_ALIGNMENT(.text.startup.*))
 *(SORT_BY_ALIGNMENT(.text.hot) SORT_BY_ALIGNMENT(.text.hot.*))
 *(SORT_BY_NAME(SORT_BY_ALIGNMENT(.text.sorted.*)))
 *(SORT_BY_ALIGNMENT(.text) SORT_BY_ALIGNMENT(.stub) SORT_BY_ALIGNMENT(.text.*) SORT_BY_ALIGNMENT(.gnu.linkonce.t.*))
 .text          0x00000000004000f0      0x4dc build/nix_file_test/nix_file_test.o
                0x00000000004000f0                main
                0x0000000000400320                FRTStartup
                0x0000000000400340                _start
                0x0000000000400350                exit
                0x0000000000400370                standard__io__console__nix_print
                0x00000000004003a0                standard__io__console__print
                0x00000000004003c0                standard__io__file__nix_open
                0x0000000000400410                standard__io__file__nix_read
                0x0000000000400470                standard__io__file__nix_write
                0x00000000004004d0                standard__io__file__nix_close
                0x0000000000400510                standard__io__file__open_read
                0x0000000000400520                standard__io__file__open_write
                0x0000000000400540                standard__io__file__open_read_write
                0x0000000000400560                standard__io__file__read
                0x0000000000400590                standard__io__file__write
                0x00000000004005c0                standard__io__file__close
 *(SORT_BY_ALIGNMENT(.gnu.warning))

.fini
 *(SORT_NONE(.fini))
                [!provide]                        PROVIDE (__etext = .)
                [!provide]                        PROVIDE (_etext = .)
                [!provide]                        PROVIDE (etext = .)

.rodata         0x0000000000500000       0x20
 *(SORT_BY_ALIGNMENT(.rodata) SORT_BY_ALIGNMENT(.rodata.*) SORT_BY_ALIGNMENT(.gnu.linkonce.r.*))
 .rodata.cst16  0x0000000000500000       0x20 build/nix_file_test/nix_file_test.o

.rodata1
 *(SORT_BY_ALIGNMENT(.rodata1))

.eh_frame_hdr
 *(SORT_BY_ALIGNMENT(.eh_frame_hdr))
 *(SORT_BY_ALIGNMENT(.eh_frame_entry) SORT_BY_ALIGNMENT(.eh_frame_entry.*))

.eh_frame       0x0000000000500020      0x1e0
 *(SORT_BY_ALIGNMENT(.eh_frame))
 .eh_frame      0x0000000000500020      0x1e0 build/nix_file_test/nix_file_test.o
 *(SORT_BY_ALIGNMENT(.eh_frame.*))

.sframe
 *(SORT_BY_ALIGNMENT(.sframe))
 *(SORT_BY_ALIGNMENT(.sframe.*))

.gcc_except_table
 *(SORT_BY_ALIGNMENT(.gcc_except_table) SORT_BY_ALIGNMENT(.gcc_except_table.*))

.gnu_extab
 *(SORT_BY_ALIGNMENT(.gnu_extab*))

.exception_ranges
 *(SORT_BY_ALIGNMENT(.exception_ranges*))
                0x0000000000501200                . = DATA_SEGMENT_ALIGN (CONSTANT (MAXPAGESIZE), CONSTANT (COMMONPAGESIZE))

.eh_frame
 *(SORT_BY_ALIGNMENT(.eh_frame))
 *(SORT_BY_ALIGNMENT(.eh_frame.*))

.sframe
 *(SORT_BY_ALIGNMENT(.sframe))
 *(SORT_BY_ALIGNMENT(.sframe.*))

.gnu_extab
 *(SORT_BY_ALIGNMENT(.gnu_extab))

.gcc_except_table
 *(SORT_BY_ALIGNMENT(.gcc_except_table) SORT_BY_ALIGNMENT(.gcc_except_table.*))

.exception_ranges
 *(SORT_BY_ALIGNMENT(.exception_ranges*))

.tdata          0x0000000000501200        0x0
                [!provide]                        PROVIDE (__tdata_start = .)
 *(SORT_BY_ALIGNMENT(.tdata) SORT_BY_ALIGNMENT(.tdata.*) SORT_BY_ALIGNMENT(.gnu.linkonce.td.*))

.tbss
 *(SORT_BY_ALIGNMENT(.tbss) SORT_BY_ALIGNMENT(.tbss.*) SORT_BY_ALIGNMENT(.gnu.linkonce.tb.*))
 *(SORT_BY_ALIGNMENT(.tcommon))

.preinit_array  0x0000000000501200        0x0
                [!provide]                        PROVIDE (__preinit_array_start = .)
 *(SORT_BY_ALIGNMENT(.preinit_array))
                [!provide]                        PROVIDE (__preinit_array_end = .)

.init_array     0x0000000000501200        0x0
                [!provide]                        PROVIDE (__init_array_start = .)
 *(SORT_BY_INIT_PRIORITY(.init_array.*) SORT_BY_INIT_PRIORITY(.ctors.*))
 *(SORT_BY_ALIGNMENT(.init_array) SORT_BY_ALIGNMENT(EXCLUDE_FILE(*crtend?.o *crtend.o *crtbegin?.o *crtbegin.o) .ctors))
                [!provide]                        PROVIDE (__init_array_end = .)

.fini_array     0x0000000000501200        0x0
                [!provide]                        PROVIDE (__fini_array_start = .)
 *(SORT_BY_INIT_PRIORITY(.fini_array.*) SORT_BY_INIT_PRIORITY(.dtors.*))
 *(SORT_BY_ALIGNMENT(.fini_array) SORT_BY_ALIGNMENT(EXCLUDE_FILE(*crtend?.o *crtend.o *crtbegin?.o *crtbegin.o) .dtors))
                [!provide]                        PROVIDE (__fini_array_end = .)

.ctors
 *crtbegin.o(SORT_BY_ALIGNMENT(.ctors))
 *crtbegin?.o(SORT_BY_ALIGNMENT(.ctors))
 *(SORT_BY_ALIGNMENT(EXCLUDE_FILE(*crtend?.o *crtend.o) .ctors))
 *(SORT_BY_NAME(SORT_BY_ALIGNMENT(.ctors.*)))
 *(SORT_BY_ALIGNMENT(.ctors))

.dtors
 *crtbegin.o(SORT_BY_ALIGNMENT(.dtors))
 *crtbegin?.o(SORT_BY_ALIGNMENT(.dtors))
 *(SORT_BY_ALIGNMENT(EXCLUDE_FILE(*crtend?.o *crtend.o) .dtors))
 *(SORT_BY_NAME(SORT_BY_ALIGNMENT(.dtors.*)))
 *(SORT_BY_ALIGNMENT(.dtors))

.jcr
 *(SORT_BY_ALIGNMENT(.jcr))

.data.rel.ro
 *(SORT_BY_ALIGNMENT(.data.rel.ro.local*) SORT_BY_ALIGNMENT(.gnu.linkonce.d.rel.ro.local.*))
 *(SORT_BY_ALIGNMENT(.data.rel.ro) SORT_BY_ALIGNMENT(.data.rel.ro.*) SORT_BY_ALIGNMENT(.gnu.linkonce.d.rel.ro.*))

.dynamic
 *(SORT_BY_ALIGNMENT(.dynamic))

.got            0x0000000000501200        0x0
 *(SORT_BY_ALIGNMENT(.got))
 .got           0x0000000000501200        0x0 build/nix_file_test/nix_file_test.o
 *(SORT_BY_ALIGNMENT(.igot))
                0x0000000000501200                . = DATA_SEGMENT_RELRO_END (., (SIZEOF (.got.plt) >= 0x18)?0x18:0x0)

.got.plt        0x0000000000501200        0x0
 *(SORT_BY_ALIGNMENT(.got.plt))
 .got.plt       0x0000000000501200        0x0 build/nix_file_test/nix_file_test.o
 *(SORT_BY_ALIGNMENT(.igot.plt))
 .igot.plt      0x0000000000501200        0x0 build/nix_file_test/nix_file_test.o

.data           0x0000000000600000        0x0
 *(SORT_BY_ALIGNMENT(.data) SORT_BY_ALIGNMENT(.data.*) SORT_BY_ALIGNMENT(.gnu.linkonce.d.*))

.data1
 *(SORT_BY_ALIGNMENT(.data1))
                0x0000000000501200                _edata = .
                [!provide]                        PROVIDE (edata = .)
                0x0000000000600000                . = ALIGN (ALIGNOF (NEXT_SECTION))
                0x0000000000501200                __bss_start = .

.bss            0x0000000000700000        0x0
 *(SORT_BY_ALIGNMENT(.dynbss))
 *(SORT_BY_ALIGNMENT(.bss) SORT_BY_ALIGNMENT(.bss.*) SORT_BY_ALIGNMENT(.gnu.linkonce.b.*))
 *(SORT_BY_ALIGNMENT(COMMON))
                0x0000000000700000                . = ALIGN ((. != 0x0)?0x8:0x1)

.lbss
 *(SORT_BY_ALIGNMENT(.dynlbss))
 *(SORT_BY_ALIGNMENT(.lbss) SORT_BY_ALIGNMENT(.lbss.*) SORT_BY_ALIGNMENT(.gnu.linkonce.lb.*))
 *(SORT_BY_ALIGNMENT(LARGE_COMMON))
                0x0000000000700000                . = ALIGN (0x8)
                0x0000000000700000                . = SEGMENT_START ("ldata-segment", .)

.lrodata
 *(SORT_BY_ALIGNMENT(.lrodata) SORT_BY_ALIGNMENT(.lrodata.*) SORT_BY_ALIGNMENT(.gnu.linkonce.lr.*))

.ldata          0x0000000000700000        0x0
 *(SORT_BY_ALIGNMENT(.ldata) SORT_BY_ALIGNMENT(.ldata.*) SORT_BY_ALIGNMENT(.gnu.linkonce.l.*))
                0x0000000000700000                . = ALIGN ((. != 0x0)?0x8:0x1)
                0x0000000000700000                . = ALIGN (0x8)
                0x0000000000501200                _end = .
                [!provide]                        PROVIDE (end = .)
                0x0000000000700000                . = DATA_SEGMENT_END (.)

.stab
 *(SORT_BY_ALIGNMENT(.stab))

.stabstr
 *(SORT_BY_ALIGNMENT(.stabstr))

.stab.excl
 *(SORT_BY_ALIGNMENT(.stab.excl))

.stab.exclstr
 *(SORT_BY_ALIGNMENT(.stab.exclstr))

.stab.index
 *(SORT_BY_ALIGNMENT(.stab.index))

.stab.indexstr
 *(SORT_BY_ALIGNMENT(.stab.indexstr))

.comment
 *(SORT_BY_ALIGNMENT(.comment))

.gnu.build.attributes
 *(SORT_BY_ALIGNMENT(.gnu.build.attributes) SORT_BY_ALIGNMENT(.gnu.build.attributes.*))

.debug
 *(SORT_BY_ALIGNMENT(.debug))

.line
 *(SORT_BY_ALIGNMENT(.line))

.debug_srcinfo
 *(SORT_BY_ALIGNMENT(.debug_srcinfo))

.debug_sfnames
 *(SORT_BY_ALIGNMENT(.debug_sfnames))

.debug_aranges
 *(SORT_BY_ALIGNMENT(.debug_aranges))

.debug_pubnames
 *(SORT_BY_ALIGNMENT(.debug_pubnames))

.debug_info
 *(SORT_BY_ALIGNMENT(.debug_info) SORT_BY_ALIGNMENT(.gnu.linkonce.wi.*))

.debug_abbrev
 *(SORT_BY_ALIGNMENT(.debug_abbrev))

.debug_line
 *(SORT_BY_ALIGNMENT(.debug_line) SORT_BY_ALIGNMENT(.debug_line.*) SORT_BY_ALIGNMENT(.debug_line_end))

.debug_frame
 *(SORT_BY_ALIGNMENT(.debug_frame))

.debug_str
 *(SORT_BY_ALIGNMENT(.debug_str))

.debug_loc
 *(SORT_BY_ALIGNMENT(.debug_loc))

.debug_macinfo
 *(SORT_BY_ALIGNMENT(.debug_macinfo))

.debug_weaknames
 *(SORT_BY_ALIGNMENT(.debug_weaknames))

.debug_funcnames
 *(SORT_BY_ALIGNMENT(.debug_funcnames))

.debug_typenames
 *(SORT_BY_ALIGNMENT(.debug_typenames))

.debug_varnames
 *(SORT_BY_ALIGNMENT(.debug_varnames))

.debug_pubtypes
 *(SORT_BY_ALIGNMENT(.debug_pubtypes))

.debug_ranges
 *(SORT_BY_ALIGNMENT(.debug_ranges))

.debug_addr
 *(SORT_BY_ALIGNMENT(.debug_addr))

.debug_line_str
 *(SORT_BY_ALIGNMENT(.debug_line_str))

.debug_loclists
 *(SORT_BY_ALIGNMENT(.debug_loclists))

.debug_macro
 *(SORT_BY_ALIGNMENT(.debug_macro))

.debug_names
 *(SORT_BY_ALIGNMENT(.debug_names))

.debug_rnglists
 *(SORT_BY_ALIGNMENT(.debug_rnglists))

.debug_str_offsets
 *(SORT_BY_ALIGNMENT(.debug_str_offsets))

.debug_sup
 *(SORT_BY_ALIGNMENT(.debug_sup))

.gnu.attributes
 *(SORT_BY_ALIGNMENT(.gnu.attributes))

/DISCARD/
 *(SORT_BY_ALIGNMENT(.note.GNU-stack))
 *(SORT_BY_ALIGNMENT(.gnu_debuglink))
 *(SORT_BY_ALIGNMENT(.gnu.lto_*))
OUTPUT(./nix_file_test elf64-x86-64)

Cross Reference Table

Symbol                                            File
FRTStartup                                        build/nix_file_test/nix_file_test.o
_GLOBAL_OFFSET_TABLE_                             build/nix_file_test/nix_file_test.o
_start                                            build/nix_file_test/nix_file_test.o
exit                                              build/nix_file_test/nix_file_test.o
main                                              build/nix_file_test/nix_file_test.o
standard__io__console__nix_print                  build/nix_file_test/nix_file_test.o
standard__io__console__print                      build/nix_file_test/nix_file_test.o
standard__io__file__close                         build/nix_file_test/nix_file_test.o
standard__io__file__nix_close                     build/nix_file_test/nix_file_test.o
standard__io__file__nix_open                      build/nix_file_test/nix_file_test.o
standard__io__file__nix_read                      build/nix_file_test/nix_file_test.o
standard__io__file__nix_write                     build/nix_file_test/nix_file_test.o
standard__io__file__open_read                     build/nix_file_test/nix_file_test.o
standard__io__file__open_read_write               build/nix_file_test/nix_file_test.o
standard__io__file__open_write                    build/nix_file_test/nix_file_test.o
standard__io__file__read                          build/nix_file_test/nix_file_test.o
standard__io__file__write                         build/nix_file_test/nix_file_test.o
